002.D09,000.A08B,(000.A06)
013.A02,000.A08B,(000.A06)
013.A04,000.A08B,(000.A06),000.A01A
013.A10,000.A08B,(000.A06)
018.A04A,(013.A10),[000.A08B],[000.A06]
018.A05,(013.A10),[000.A08B],[000.A06]
018.A06A,(013.A10),[000.A08B],[000.A06]
018.A07A,(013.A10),[000.A08B],[000.A06]
018.A08A,(013.A10),[000.A08B],[000.A06]
033.A03,000.A04
033.A06,(018.A08A),018.A07A,013.A10
033.A12,000.A04
037.B01,033.A12
037.B03,018.A07A
037.B04,(033.A12),[000.A04]
037.B09,033.A06,(018.A08A),013.A10
049.A04,033.A12
049.A05,[033.A12],(000.A07)
058.H02,049.A05
058.H07,049.A05
058.H11,049.A05
058.H12,049.A05
