002.D09 000.A08B 0.004293 30 
002.D09 000.A08 0.018380 0 
002.D09 000.A07B 0.017736 0 
002.D09 000.A07 0.014014 0 
002.D09 000.A06 0.004213 59 
002.D09 000.A04 0.006584 2 
002.D09 000.A03 0.014183 0 
002.D09 000.A02A 0.005289 19 
002.D09 000.A02 0.015456 0 
002.D09 000.A01A 0.006196 8 
002.D09 000.A01 0.008080 1 
013.A02 002.D09 0.007501 3 
013.A02 000.A08B 0.005346 29 
013.A02 000.A08 0.019483 0 
013.A02 000.A07B 0.018831 0 
013.A02 000.A07 0.017196 0 
013.A02 000.A06 0.005263 56 
013.A02 000.A04 0.007642 2 
013.A02 000.A03 0.015270 0 
013.A02 000.A02A 0.006343 17 
013.A02 000.A02 0.016550 0 
013.A02 000.A01A 0.007254 8 
013.A02 000.A01 0.009147 1 
013.A04 002.D09 0.008899 3 
013.A04 000.A08B 0.006726 24 
013.A04 000.A08 0.020976 0 
013.A04 000.A07B 0.020339 0 
013.A04 000.A07 0.018753 0 
013.A04 000.A06 0.006674 39 
013.A04 000.A04 0.009045 3 
013.A04 000.A03 0.016764 0 
013.A04 000.A02A 0.007758 12 
013.A04 000.A02 0.018074 0 
013.A04 000.A01A 0.006693 34 
013.A04 000.A01 0.008598 5 
013.A10 002.D09 0.005122 3 
013.A10 000.A08B 0.003002 26 
013.A10 000.A08 0.016956 0 
013.A10 000.A07B 0.016290 0 
013.A10 000.A07 0.014714 0 
013.A10 000.A06 0.002927 59 
013.A10 000.A04 0.005265 1 
013.A10 000.A03 0.012790 0 
013.A10 000.A02A 0.004000 16 
013.A10 000.A02 0.014054 0 
013.A10 000.A01A 0.004877 9 
013.A10 000.A01 0.006751 1 
018.A04A 013.A10 0.004123 50 
018.A04A 013.A04 0.007879 0 
018.A04A 013.A02 0.006479 6 
018.A04A 002.D09 0.007171 3 
018.A04A 000.A08B 0.005034 16 
018.A04A 000.A08 0.019107 0 
018.A04A 000.A07B 0.018452 0 
018.A04A 000.A07 0.016880 0 
018.A04A 000.A06 0.004969 29 
018.A04A 000.A04 0.007319 2 
018.A04A 000.A03 0.014925 0 
018.A04A 000.A02A 0.006050 10 
018.A04A 000.A02 0.016207 0 
018.A04A 000.A01A 0.006927 4 
018.A04A 000.A01 0.008824 1 
018.A05 013.A10 0.003322 59 
018.A05 013.A04 0.007099 0 
018.A05 013.A02 0.005665 7 
018.A05 002.D09 0.006354 2 
018.A05 000.A08B 0.004228 19 
018.A05 000.A08 0.018280 0 
018.A05 000.A07B 0.017648 0 
018.A05 000.A07 0.016147 0 
018.A05 000.A06 0.004196 21 
018.A05 000.A04 0.006505 2 
018.A05 000.A03 0.014147 0 
018.A05 000.A02A 0.005275 9 
018.A05 000.A02 0.015444 0 
018.A05 000.A01A 0.006111 4 
018.A05 000.A01 0.008040 0 
018.A06A 013.A10 0.008605 51 
018.A06A 013.A04 0.012487 0 
018.A06A 013.A02 0.011037 7 
018.A06A 002.D09 0.011735 3 
018.A06A 000.A08B 0.009527 18 
018.A06A 000.A08 0.023996 0 
018.A06A 000.A07B 0.023368 0 
018.A06A 000.A07 0.021724 0 
018.A06A 000.A06 0.009465 25 
018.A06A 000.A04 0.011883 2 
018.A06A 000.A03 0.019720 0 
018.A06A 000.A02A 0.010557 10 
018.A06A 000.A02 0.021047 0 
018.A06A 000.A01A 0.011478 5 
018.A06A 000.A01 0.013445 1 
018.A07A 013.A10 0.002127 56 
018.A07A 013.A04 0.005864 0 
018.A07A 013.A02 0.004457 6 
018.A07A 002.D09 0.005143 2 
018.A07A 000.A08B 0.003030 22 
018.A07A 000.A08 0.016990 0 
018.A07A 000.A07B 0.016342 0 
018.A07A 000.A07 0.014829 0 
018.A07A 000.A06 0.002987 22 
018.A07A 000.A04 0.005289 2 
018.A07A 000.A03 0.012857 0 
018.A07A 000.A02A 0.004059 8 
018.A07A 000.A02 0.014139 0 
018.A07A 000.A01A 0.004902 5 
018.A07A 000.A01 0.006801 1 
018.A08A 013.A10 0.005194 49 
018.A08A 013.A04 0.008948 0 
018.A08A 013.A02 0.007567 5 
018.A08A 002.D09 0.008268 3 
018.A08A 000.A08B 0.006105 15 
018.A08A 000.A08 0.020245 0 
018.A08A 000.A07B 0.019579 0 
018.A08A 000.A07 0.017924 0 
018.A08A 000.A06 0.006015 30 
018.A08A 000.A04 0.008407 1 
018.A08A 000.A03 0.016007 0 
018.A08A 000.A02A 0.007100 10 
018.A08A 000.A02 0.017278 0 
018.A08A 000.A01A 0.008018 4 
018.A08A 000.A01 0.009901 1 
033.A03 018.A08A 0.013607 3 
033.A03 018.A07A 0.011570 7 
033.A03 018.A06A 0.017204 0 
033.A03 018.A05 0.012868 1 
033.A03 018.A04A 0.013605 1 
033.A03 013.A10 0.011471 11 
033.A03 013.A04 0.015445 0 
033.A03 013.A02 0.013924 1 
033.A03 002.D09 0.014630 0 
033.A03 000.A08B 0.012398 0 
033.A03 000.A08 0.020614 0 
033.A03 000.A07B 0.017135 0 
033.A03 000.A07 0.013602 7 
033.A03 000.A06 0.012390 4 
033.A03 000.A04 0.009991 63 
033.A03 000.A03 0.013648 6 
033.A03 000.A02A 0.013495 0 
033.A03 000.A02 0.014923 3 
033.A03 000.A01A 0.014372 0 
033.A03 000.A01 0.016412 0 
033.A06 018.A08A 0.007445 47 
033.A06 018.A07A 0.008405 15 
033.A06 018.A06A 0.015092 0 
033.A06 018.A05 0.009645 2 
033.A06 018.A04A 0.010444 1 
033.A06 013.A10 0.008362 20 
033.A06 013.A04 0.012215 0 
033.A06 013.A02 0.010773 1 
033.A06 002.D09 0.011471 0 
033.A06 000.A08B 0.009283 6 
033.A06 000.A08 0.021273 0 
033.A06 000.A07B 0.020621 0 
033.A06 000.A07 0.016955 0 
033.A06 000.A06 0.009220 4 
033.A06 000.A04 0.009361 16 
033.A06 000.A03 0.017094 0 
033.A06 000.A02A 0.010316 2 
033.A06 000.A02 0.018413 0 
033.A06 000.A01A 0.011223 0 
033.A06 000.A01 0.013171 0 
033.A12 018.A08A 0.011508 3 
033.A12 018.A07A 0.009431 6 
033.A12 018.A06A 0.015014 0 
033.A12 018.A05 0.010698 1 
033.A12 018.A04A 0.011462 1 
033.A12 013.A10 0.009358 11 
033.A12 013.A04 0.013263 0 
033.A12 013.A02 0.011783 0 
033.A12 002.D09 0.012488 0 
033.A12 000.A08B 0.010280 0 
033.A12 000.A08 0.018360 0 
033.A12 000.A07B 0.014978 0 
033.A12 000.A07 0.011419 8 
033.A12 000.A06 0.010248 4 
033.A12 000.A04 0.007901 64 
033.A12 000.A03 0.011521 6 
033.A12 000.A02A 0.011344 0 
033.A12 000.A02 0.012770 3 
033.A12 000.A01A 0.012231 0 
033.A12 000.A01 0.014223 0 
037.B01 033.A12 0.007319 100 
037.B01 033.A06 0.020406 0 
037.B01 033.A03 0.009416 10 
037.B01 018.A08A 0.019226 0 
037.B01 018.A07A 0.017161 0 
037.B01 018.A06A 0.022942 0 
037.B01 018.A05 0.018494 0 
037.B01 018.A04A 0.019237 0 
037.B01 013.A10 0.017050 0 
037.B01 013.A04 0.021135 0 
037.B01 013.A02 0.019569 0 
037.B01 002.D09 0.020289 0 
037.B01 000.A08B 0.017994 0 
037.B01 000.A08 0.026427 0 
037.B01 000.A07B 0.022862 0 
037.B01 000.A07 0.019233 0 
037.B01 000.A06 0.017991 0 
037.B01 000.A04 0.015526 0 
037.B01 000.A03 0.019275 0 
037.B01 000.A02A 0.019121 0 
037.B01 000.A02 0.020593 0 
037.B01 000.A01A 0.020024 0 
037.B01 000.A01 0.022120 0 
037.B03 033.A12 0.022184 24 
037.B03 033.A06 0.027582 0 
037.B03 033.A03 0.024474 3 
037.B03 018.A08A 0.025159 0 
037.B03 018.A07A 0.020722 40 
037.B03 018.A06A 0.026653 0 
037.B03 018.A05 0.023317 3 
037.B03 018.A04A 0.024076 0 
037.B03 013.A10 0.021852 14 
037.B03 013.A04 0.026027 0 
037.B03 013.A02 0.024427 2 
037.B03 002.D09 0.025157 2 
037.B03 000.A08B 0.022820 2 
037.B03 000.A08 0.026437 2 
037.B03 000.A07B 0.027889 0 
037.B03 000.A07 0.024145 5 
037.B03 000.A06 0.022808 4 
037.B03 000.A04 0.025328 1 
037.B03 000.A03 0.024216 11 
037.B03 000.A02A 0.023954 4 
037.B03 000.A02 0.025560 2 
037.B03 000.A01A 0.024886 2 
037.B03 000.A01 0.027025 0 
037.B04 033.A12 0.015912 41 
037.B04 033.A06 0.023825 0 
037.B04 033.A03 0.018145 5 
037.B04 018.A08A 0.022609 0 
037.B04 018.A07A 0.019441 0 
037.B04 018.A06A 0.026524 0 
037.B04 018.A05 0.020789 0 
037.B04 018.A04A 0.021537 0 
037.B04 013.A10 0.019328 2 
037.B04 013.A04 0.022444 0 
037.B04 013.A02 0.021888 1 
037.B04 002.D09 0.020777 0 
037.B04 000.A08B 0.018461 1 
037.B04 000.A08 0.022433 0 
037.B04 000.A07B 0.021039 2 
037.B04 000.A07 0.017488 14 
037.B04 000.A06 0.018462 3 
037.B04 000.A04 0.015966 26 
037.B04 000.A03 0.017493 11 
037.B04 000.A02A 0.019584 2 
037.B04 000.A02 0.018825 4 
037.B04 000.A01A 0.020504 0 
037.B04 000.A01 0.022623 0 
037.B09 033.A12 0.013669 0 
037.B09 033.A06 0.006468 40 
037.B09 033.A03 0.015852 0 
037.B09 018.A08A 0.006281 34 
037.B09 018.A07A 0.007308 11 
037.B09 018.A06A 0.013907 0 
037.B09 018.A05 0.008552 1 
037.B09 018.A04A 0.009310 1 
037.B09 013.A10 0.007225 16 
037.B09 013.A04 0.011061 0 
037.B09 013.A02 0.009603 0 
037.B09 002.D09 0.010301 1 
037.B09 000.A08B 0.008143 5 
037.B09 000.A08 0.022406 0 
037.B09 000.A07B 0.021766 0 
037.B09 000.A07 0.018079 0 
037.B09 000.A06 0.008118 2 
037.B09 000.A04 0.010453 0 
037.B09 000.A03 0.018218 0 
037.B09 000.A02A 0.009213 2 
037.B09 000.A02 0.019534 0 
037.B09 000.A01A 0.010053 0 
037.B09 000.A01 0.012013 0 
049.A04 037.B09 0.018040 0 
049.A04 037.B04 0.020366 0 
049.A04 037.B03 0.025667 0 
049.A04 037.B01 0.011542 0 
049.A04 033.A12 0.004036 100 
049.A04 033.A06 0.016922 0 
049.A04 033.A03 0.006093 10 
049.A04 018.A08A 0.015786 0 
049.A04 018.A07A 0.013725 0 
049.A04 018.A06A 0.019435 0 
049.A04 018.A05 0.015033 0 
049.A04 018.A04A 0.015779 0 
049.A04 013.A10 0.013629 0 
049.A04 013.A04 0.017652 0 
049.A04 013.A02 0.016115 0 
049.A04 002.D09 0.016825 0 
049.A04 000.A08B 0.014564 0 
049.A04 000.A08 0.022847 0 
049.A04 000.A07B 0.019364 0 
049.A04 000.A07 0.015757 0 
049.A04 000.A06 0.014550 0 
049.A04 000.A04 0.012126 0 
049.A04 000.A03 0.015827 0 
049.A04 000.A02A 0.015659 0 
049.A04 000.A02 0.017116 0 
049.A04 000.A01A 0.016564 0 
049.A04 000.A01 0.018629 0 
049.A05 037.B09 0.017413 1 
049.A05 037.B04 0.020752 0 
049.A05 037.B03 0.014431 9 
049.A05 037.B01 0.019500 0 
049.A05 033.A12 0.011705 39 
049.A05 033.A06 0.017280 0 
049.A05 033.A03 0.013878 6 
049.A05 018.A08A 0.019380 0 
049.A05 018.A07A 0.015062 1 
049.A05 018.A06A 0.020804 0 
049.A05 018.A05 0.017593 0 
049.A05 018.A04A 0.018330 0 
049.A05 013.A10 0.016153 1 
049.A05 013.A04 0.020209 0 
049.A05 013.A02 0.018643 0 
049.A05 002.D09 0.019365 0 
049.A05 000.A08B 0.017096 0 
049.A05 000.A08 0.020571 0 
049.A05 000.A07B 0.019329 0 
049.A05 000.A07 0.011455 46 
049.A05 000.A06 0.017102 0 
049.A05 000.A04 0.014643 3 
049.A05 000.A03 0.015823 2 
049.A05 000.A02A 0.018225 0 
049.A05 000.A02 0.017093 0 
049.A05 000.A01A 0.019098 0 
049.A05 000.A01 0.021189 0 
058.H02 049.A05 0.006504 100 
058.H02 049.A04 0.017050 0 
058.H02 037.B09 0.019794 0 
058.H02 037.B04 0.025309 0 
058.H02 037.B03 0.019113 0 
058.H02 037.B01 0.023993 0 
058.H02 033.A12 0.016034 0 
058.H02 033.A06 0.019638 0 
058.H02 033.A03 0.018253 0 
058.H02 018.A08A 0.021745 0 
058.H02 018.A07A 0.017407 0 
058.H02 018.A06A 0.023215 0 
058.H02 018.A05 0.017695 0 
058.H02 018.A04A 0.020711 0 
058.H02 013.A10 0.018499 0 
058.H02 013.A04 0.022635 0 
058.H02 013.A02 0.021021 0 
058.H02 002.D09 0.021745 0 
058.H02 000.A08B 0.019449 0 
058.H02 000.A08 0.027859 0 
058.H02 000.A07B 0.024301 0 
058.H02 000.A07 0.018375 0 
058.H02 000.A06 0.019478 0 
058.H02 000.A04 0.016963 0 
058.H02 000.A03 0.020727 0 
058.H02 000.A02A 0.020607 0 
058.H02 000.A02 0.022055 0 
058.H02 000.A01A 0.021481 0 
058.H02 000.A01 0.023619 0 
058.H07 049.A05 0.003249 100 
058.H07 049.A04 0.016012 0 
058.H07 037.B09 0.018418 0 
058.H07 037.B04 0.021785 0 
058.H07 037.B03 0.015616 0 
058.H07 037.B01 0.020518 0 
058.H07 033.A12 0.012671 0 
058.H07 033.A06 0.018273 0 
058.H07 033.A03 0.014864 0 
058.H07 018.A08A 0.020373 0 
058.H07 018.A07A 0.016050 0 
058.H07 018.A06A 0.021815 0 
058.H07 018.A05 0.018605 0 
058.H07 018.A04A 0.019330 0 
058.H07 013.A10 0.017141 0 
058.H07 013.A04 0.021230 0 
058.H07 013.A02 0.019644 0 
058.H07 002.D09 0.020364 0 
058.H07 000.A08B 0.018086 0 
058.H07 000.A08 0.024292 0 
058.H07 000.A07B 0.022916 0 
058.H07 000.A07 0.014987 0 
058.H07 000.A06 0.018105 0 
058.H07 000.A04 0.015619 0 
058.H07 000.A03 0.019358 0 
058.H07 000.A02A 0.019229 0 
058.H07 000.A02 0.020677 0 
058.H07 000.A01A 0.020097 0 
058.H07 000.A01 0.022212 0 
058.H11 049.A05 0.002178 100 
058.H11 049.A04 0.017459 0 
058.H11 037.B09 0.019868 0 
058.H11 037.B04 0.023286 0 
058.H11 037.B03 0.016833 0 
058.H11 037.B01 0.021993 0 
058.H11 033.A12 0.014074 0 
058.H11 033.A06 0.019711 0 
058.H11 033.A03 0.016303 0 
058.H11 018.A08A 0.021810 0 
058.H11 018.A07A 0.017480 0 
058.H11 018.A06A 0.023271 0 
058.H11 018.A05 0.020072 0 
058.H11 018.A04A 0.020780 0 
058.H11 013.A10 0.018571 0 
058.H11 013.A04 0.022703 0 
058.H11 013.A02 0.021088 0 
058.H11 002.D09 0.021815 0 
058.H11 000.A08B 0.019518 0 
058.H11 000.A08 0.023063 0 
058.H11 000.A07B 0.021726 0 
058.H11 000.A07 0.013818 0 
058.H11 000.A06 0.019555 0 
058.H11 000.A04 0.017034 0 
058.H11 000.A03 0.018192 0 
058.H11 000.A02A 0.020683 0 
058.H11 000.A02 0.019493 0 
058.H11 000.A01A 0.021546 0 
058.H11 000.A01 0.023693 0 
058.H12 049.A05 0.003237 100 
058.H12 049.A04 0.018642 0 
058.H12 037.B09 0.021058 0 
058.H12 037.B04 0.024522 0 
058.H12 037.B03 0.018006 0 
058.H12 037.B01 0.023204 0 
058.H12 033.A12 0.015219 0 
058.H12 033.A06 0.020887 0 
058.H12 033.A03 0.017471 0 
058.H12 018.A08A 0.022987 0 
058.H12 018.A07A 0.018651 0 
058.H12 018.A06A 0.024471 0 
058.H12 018.A05 0.021274 0 
058.H12 018.A04A 0.021966 0 
058.H12 013.A10 0.019741 0 
058.H12 013.A04 0.023912 0 
058.H12 013.A02 0.022274 0 
058.H12 002.D09 0.023001 0 
058.H12 000.A08B 0.020692 0 
058.H12 000.A08 0.024278 0 
058.H12 000.A07B 0.022896 0 
058.H12 000.A07 0.014966 0 
058.H12 000.A06 0.020739 0 
058.H12 000.A04 0.018191 0 
058.H12 000.A03 0.019345 0 
058.H12 000.A02A 0.021875 0 
058.H12 000.A02 0.020662 0 
058.H12 000.A01A 0.022729 0 
058.H12 000.A01 0.024906 0 
